// Jest Snapshot v1, https://goo.gl/fbAQLP

exports[`VerifyName VerifyName: should render correctly 1`] = `
<ContextProvider
  value={
    Object {
      "setUser": [Function],
      "user": null,
    }
  }
>
  <VerifyName
    history={
      Object {
        "action": "POP",
        "block": [Function],
        "canGo": [Function],
        "createHref": [Function],
        "entries": Array [
          Object {
            "hash": "",
            "key": "wtt0g6",
            "pathname": "/",
            "search": "",
            "state": undefined,
          },
        ],
        "go": [Function],
        "goBack": [Function],
        "goForward": [Function],
        "index": 0,
        "length": 1,
        "listen": [Function],
        "location": Object {
          "hash": "",
          "key": "wtt0g6",
          "pathname": "/",
          "search": "",
          "state": undefined,
        },
        "push": [Function],
        "replace": [Function],
      }
    }
    setSignupState={[MockFunction]}
  />
</ContextProvider>
`;
