// Jest Snapshot v1, https://goo.gl/fbAQLP

exports[`VerifyPhone VerifyPhone: should render correctly 1`] = `
<ContextProvider
  value={
    Object {
      "setUser": [Function],
      "user": null,
    }
  }
>
  <VerifyPhone />
</ContextProvider>
`;

exports[`VerifyPhone: should render correctly 1`] = `
<ContextProvider
  value={
    Object {
      "setUser": [Function],
      "user": null,
    }
  }
>
  <VerifyPhone />
</ContextProvider>
`;
